DHTData.h:17:2:DHTData::DHTData(DHTData::Status)	16	static
DHTData.h:18:2:DHTData::DHTData(float, float)	24	static
Timer.h:21:6:void HAL_TIM_PeriodElapsedCallback(TIM_HandleTypeDef*)	16	static
Timer.h:29:15:long unsigned int micros()	16	static
Timer.h:43:6:bool waitForState(GPIO_TypeDef*, uint16_t, byte, unsigned int, long unsigned int)	32	static
Timer.h:57:15:long unsigned int pulseIn(GPIO_TypeDef*, uint16_t, byte, unsigned int)	40	static
Utils.h:9:7:float toFloat(byte, byte)	24	static
DHTReader.h:18:2:DHTReader::DHTReader(GPIO_TypeDef*, uint16_t)	24	static
DHTReader.h:28:10:DHTData DHTReader::getData()	80	static
main.cpp:72:5:int main()	120	static
main.cpp:155:6:void SystemClock_Config()	72	static
main.cpp:193:13:void MX_TIM3_Init()	32	static
main.cpp:238:13:void MX_USART1_UART_Init()	8	static
main.cpp:271:13:void MX_GPIO_Init()	32	static
main.cpp:299:6:void Error_Handler()	4	static
